// Jest Snapshot v1, https://goo.gl/fbAQLP

exports[`<Footer /> renders correctly 1`] = `
ShallowWrapper {
  "length": 1,
  Symbol(enzyme.__root__): [Circular],
  Symbol(enzyme.__unrendered__): <Footer />,
  Symbol(enzyme.__renderer__): Object {
    "batchedUpdates": [Function],
    "getNode": [Function],
    "render": [Function],
    "simulateEvent": [Function],
    "unmount": [Function],
  },
  Symbol(enzyme.__node__): Object {
    "instance": null,
    "key": undefined,
    "nodeType": "host",
    "props": Object {
      "children": <p
        className="footer-text"
>
        made with 
        <img
                alt="React"
                className="footer-icon"
                src="react-icon.svg"
                title="React"
        />
         by 
        <a
                className="footer-link"
                href="https://calaca.github.io"
        >
                calaca
        </a>
</p>,
    },
    "ref": null,
    "rendered": Object {
      "instance": null,
      "key": undefined,
      "nodeType": "host",
      "props": Object {
        "children": Array [
          "made with ",
          <img
            alt="React"
            className="footer-icon"
            src="react-icon.svg"
            title="React"
/>,
          " by ",
          <a
            className="footer-link"
            href="https://calaca.github.io"
>
            calaca
</a>,
        ],
        "className": "footer-text",
      },
      "ref": null,
      "rendered": Array [
        "made with ",
        Object {
          "instance": null,
          "key": undefined,
          "nodeType": "host",
          "props": Object {
            "alt": "React",
            "className": "footer-icon",
            "src": "react-icon.svg",
            "title": "React",
          },
          "ref": null,
          "rendered": null,
          "type": "img",
        },
        " by ",
        Object {
          "instance": null,
          "key": undefined,
          "nodeType": "host",
          "props": Object {
            "children": "calaca",
            "className": "footer-link",
            "href": "https://calaca.github.io",
          },
          "ref": null,
          "rendered": "calaca",
          "type": "a",
        },
      ],
      "type": "p",
    },
    "type": "footer",
  },
  Symbol(enzyme.__nodes__): Array [
    Object {
      "instance": null,
      "key": undefined,
      "nodeType": "host",
      "props": Object {
        "children": <p
          className="footer-text"
>
          made with 
          <img
                    alt="React"
                    className="footer-icon"
                    src="react-icon.svg"
                    title="React"
          />
           by 
          <a
                    className="footer-link"
                    href="https://calaca.github.io"
          >
                    calaca
          </a>
</p>,
      },
      "ref": null,
      "rendered": Object {
        "instance": null,
        "key": undefined,
        "nodeType": "host",
        "props": Object {
          "children": Array [
            "made with ",
            <img
              alt="React"
              className="footer-icon"
              src="react-icon.svg"
              title="React"
/>,
            " by ",
            <a
              className="footer-link"
              href="https://calaca.github.io"
>
              calaca
</a>,
          ],
          "className": "footer-text",
        },
        "ref": null,
        "rendered": Array [
          "made with ",
          Object {
            "instance": null,
            "key": undefined,
            "nodeType": "host",
            "props": Object {
              "alt": "React",
              "className": "footer-icon",
              "src": "react-icon.svg",
              "title": "React",
            },
            "ref": null,
            "rendered": null,
            "type": "img",
          },
          " by ",
          Object {
            "instance": null,
            "key": undefined,
            "nodeType": "host",
            "props": Object {
              "children": "calaca",
              "className": "footer-link",
              "href": "https://calaca.github.io",
            },
            "ref": null,
            "rendered": "calaca",
            "type": "a",
          },
        ],
        "type": "p",
      },
      "type": "footer",
    },
  ],
  Symbol(enzyme.__options__): Object {
    "adapter": ReactSixteenAdapter {
      "options": Object {
        "enableComponentDidUpdateOnSetState": true,
      },
    },
  },
}
`;
