// Jest Snapshot v1, https://goo.gl/fbAQLP

exports[`<NotFound /> renders correctly 1`] = `
ShallowWrapper {
  "length": 1,
  Symbol(enzyme.__root__): [Circular],
  Symbol(enzyme.__unrendered__): <NotFound />,
  Symbol(enzyme.__renderer__): Object {
    "batchedUpdates": [Function],
    "getNode": [Function],
    "render": [Function],
    "simulateEvent": [Function],
    "unmount": [Function],
  },
  Symbol(enzyme.__node__): Object {
    "instance": null,
    "key": undefined,
    "nodeType": "host",
    "props": Object {
      "children": Array [
        <h1
          className="app-title"
>
          My Reads
</h1>,
        <div
          className="not-found-text"
>
          <Link
                    className="back-link"
                    replace={false}
                    to="/"
          >
                    <img
                              alt="Go back"
                              className="back-icon"
                              src="right-arrow.svg"
                              title="Go back"
                    />
          </Link>
          <span
                    className="small"
          >
                    Error
          </span>
          <span
                    className="big"
          >
                    404
          </span>
          <span
                    className="small"
          >
                    page not found
          </span>
</div>,
        <Footer />,
      ],
      "className": "not-found",
    },
    "ref": null,
    "rendered": Array [
      Object {
        "instance": null,
        "key": undefined,
        "nodeType": "host",
        "props": Object {
          "children": "My Reads",
          "className": "app-title",
        },
        "ref": null,
        "rendered": "My Reads",
        "type": "h1",
      },
      Object {
        "instance": null,
        "key": undefined,
        "nodeType": "host",
        "props": Object {
          "children": Array [
            <Link
              className="back-link"
              replace={false}
              to="/"
>
              <img
                            alt="Go back"
                            className="back-icon"
                            src="right-arrow.svg"
                            title="Go back"
              />
</Link>,
            <span
              className="small"
>
              Error
</span>,
            <span
              className="big"
>
              404
</span>,
            <span
              className="small"
>
              page not found
</span>,
          ],
          "className": "not-found-text",
        },
        "ref": null,
        "rendered": Array [
          Object {
            "instance": null,
            "key": undefined,
            "nodeType": "class",
            "props": Object {
              "children": <img
                alt="Go back"
                className="back-icon"
                src="right-arrow.svg"
                title="Go back"
/>,
              "className": "back-link",
              "replace": false,
              "to": "/",
            },
            "ref": null,
            "rendered": Object {
              "instance": null,
              "key": undefined,
              "nodeType": "host",
              "props": Object {
                "alt": "Go back",
                "className": "back-icon",
                "src": "right-arrow.svg",
                "title": "Go back",
              },
              "ref": null,
              "rendered": null,
              "type": "img",
            },
            "type": [Function],
          },
          Object {
            "instance": null,
            "key": undefined,
            "nodeType": "host",
            "props": Object {
              "children": "Error",
              "className": "small",
            },
            "ref": null,
            "rendered": "Error",
            "type": "span",
          },
          Object {
            "instance": null,
            "key": undefined,
            "nodeType": "host",
            "props": Object {
              "children": "404",
              "className": "big",
            },
            "ref": null,
            "rendered": "404",
            "type": "span",
          },
          Object {
            "instance": null,
            "key": undefined,
            "nodeType": "host",
            "props": Object {
              "children": "page not found",
              "className": "small",
            },
            "ref": null,
            "rendered": "page not found",
            "type": "span",
          },
        ],
        "type": "div",
      },
      Object {
        "instance": null,
        "key": undefined,
        "nodeType": "function",
        "props": Object {},
        "ref": null,
        "rendered": null,
        "type": [Function],
      },
    ],
    "type": "div",
  },
  Symbol(enzyme.__nodes__): Array [
    Object {
      "instance": null,
      "key": undefined,
      "nodeType": "host",
      "props": Object {
        "children": Array [
          <h1
            className="app-title"
>
            My Reads
</h1>,
          <div
            className="not-found-text"
>
            <Link
                        className="back-link"
                        replace={false}
                        to="/"
            >
                        <img
                                    alt="Go back"
                                    className="back-icon"
                                    src="right-arrow.svg"
                                    title="Go back"
                        />
            </Link>
            <span
                        className="small"
            >
                        Error
            </span>
            <span
                        className="big"
            >
                        404
            </span>
            <span
                        className="small"
            >
                        page not found
            </span>
</div>,
          <Footer />,
        ],
        "className": "not-found",
      },
      "ref": null,
      "rendered": Array [
        Object {
          "instance": null,
          "key": undefined,
          "nodeType": "host",
          "props": Object {
            "children": "My Reads",
            "className": "app-title",
          },
          "ref": null,
          "rendered": "My Reads",
          "type": "h1",
        },
        Object {
          "instance": null,
          "key": undefined,
          "nodeType": "host",
          "props": Object {
            "children": Array [
              <Link
                className="back-link"
                replace={false}
                to="/"
>
                <img
                                alt="Go back"
                                className="back-icon"
                                src="right-arrow.svg"
                                title="Go back"
                />
</Link>,
              <span
                className="small"
>
                Error
</span>,
              <span
                className="big"
>
                404
</span>,
              <span
                className="small"
>
                page not found
</span>,
            ],
            "className": "not-found-text",
          },
          "ref": null,
          "rendered": Array [
            Object {
              "instance": null,
              "key": undefined,
              "nodeType": "class",
              "props": Object {
                "children": <img
                  alt="Go back"
                  className="back-icon"
                  src="right-arrow.svg"
                  title="Go back"
/>,
                "className": "back-link",
                "replace": false,
                "to": "/",
              },
              "ref": null,
              "rendered": Object {
                "instance": null,
                "key": undefined,
                "nodeType": "host",
                "props": Object {
                  "alt": "Go back",
                  "className": "back-icon",
                  "src": "right-arrow.svg",
                  "title": "Go back",
                },
                "ref": null,
                "rendered": null,
                "type": "img",
              },
              "type": [Function],
            },
            Object {
              "instance": null,
              "key": undefined,
              "nodeType": "host",
              "props": Object {
                "children": "Error",
                "className": "small",
              },
              "ref": null,
              "rendered": "Error",
              "type": "span",
            },
            Object {
              "instance": null,
              "key": undefined,
              "nodeType": "host",
              "props": Object {
                "children": "404",
                "className": "big",
              },
              "ref": null,
              "rendered": "404",
              "type": "span",
            },
            Object {
              "instance": null,
              "key": undefined,
              "nodeType": "host",
              "props": Object {
                "children": "page not found",
                "className": "small",
              },
              "ref": null,
              "rendered": "page not found",
              "type": "span",
            },
          ],
          "type": "div",
        },
        Object {
          "instance": null,
          "key": undefined,
          "nodeType": "function",
          "props": Object {},
          "ref": null,
          "rendered": null,
          "type": [Function],
        },
      ],
      "type": "div",
    },
  ],
  Symbol(enzyme.__options__): Object {
    "adapter": ReactSixteenAdapter {
      "options": Object {
        "enableComponentDidUpdateOnSetState": true,
      },
    },
  },
}
`;
