// Jest Snapshot v1, https://goo.gl/fbAQLP

exports[`<Top /> renders correctly 1`] = `
ShallowWrapper {
  "length": 1,
  Symbol(enzyme.__root__): [Circular],
  Symbol(enzyme.__unrendered__): <Top />,
  Symbol(enzyme.__renderer__): Object {
    "batchedUpdates": [Function],
    "getNode": [Function],
    "render": [Function],
    "simulateEvent": [Function],
    "unmount": [Function],
  },
  Symbol(enzyme.__node__): Object {
    "instance": null,
    "key": undefined,
    "nodeType": "host",
    "props": Object {
      "children": Array [
        <h1
          className="top-title"
>
          My Reads
</h1>,
        <Link
          className="search-link"
          replace={false}
          to="/search"
>
          <img
                    alt="Search books"
                    className="search-link-icon"
                    src="search.svg"
                    title="Search books"
          />
</Link>,
      ],
      "className": "top",
    },
    "ref": null,
    "rendered": Array [
      Object {
        "instance": null,
        "key": undefined,
        "nodeType": "host",
        "props": Object {
          "children": "My Reads",
          "className": "top-title",
        },
        "ref": null,
        "rendered": "My Reads",
        "type": "h1",
      },
      Object {
        "instance": null,
        "key": undefined,
        "nodeType": "class",
        "props": Object {
          "children": <img
            alt="Search books"
            className="search-link-icon"
            src="search.svg"
            title="Search books"
/>,
          "className": "search-link",
          "replace": false,
          "to": "/search",
        },
        "ref": null,
        "rendered": Object {
          "instance": null,
          "key": undefined,
          "nodeType": "host",
          "props": Object {
            "alt": "Search books",
            "className": "search-link-icon",
            "src": "search.svg",
            "title": "Search books",
          },
          "ref": null,
          "rendered": null,
          "type": "img",
        },
        "type": [Function],
      },
    ],
    "type": "div",
  },
  Symbol(enzyme.__nodes__): Array [
    Object {
      "instance": null,
      "key": undefined,
      "nodeType": "host",
      "props": Object {
        "children": Array [
          <h1
            className="top-title"
>
            My Reads
</h1>,
          <Link
            className="search-link"
            replace={false}
            to="/search"
>
            <img
                        alt="Search books"
                        className="search-link-icon"
                        src="search.svg"
                        title="Search books"
            />
</Link>,
        ],
        "className": "top",
      },
      "ref": null,
      "rendered": Array [
        Object {
          "instance": null,
          "key": undefined,
          "nodeType": "host",
          "props": Object {
            "children": "My Reads",
            "className": "top-title",
          },
          "ref": null,
          "rendered": "My Reads",
          "type": "h1",
        },
        Object {
          "instance": null,
          "key": undefined,
          "nodeType": "class",
          "props": Object {
            "children": <img
              alt="Search books"
              className="search-link-icon"
              src="search.svg"
              title="Search books"
/>,
            "className": "search-link",
            "replace": false,
            "to": "/search",
          },
          "ref": null,
          "rendered": Object {
            "instance": null,
            "key": undefined,
            "nodeType": "host",
            "props": Object {
              "alt": "Search books",
              "className": "search-link-icon",
              "src": "search.svg",
              "title": "Search books",
            },
            "ref": null,
            "rendered": null,
            "type": "img",
          },
          "type": [Function],
        },
      ],
      "type": "div",
    },
  ],
  Symbol(enzyme.__options__): Object {
    "adapter": ReactSixteenAdapter {
      "options": Object {
        "enableComponentDidUpdateOnSetState": true,
      },
    },
  },
}
`;
